package timeComparisonSimplify

import (
	"time"
)

func _(x, y time.Time) {
	if x.After(y) { // want `\Qsuggestion: x.After(y)`
		print(42)
	}

	if y.Before(x) { // want `\Qsuggestion: y.Before(x)`
		print(51)
	}

	print(y.After(x)) // want `\Qsuggestion: y.After(x)`
}
